../Drivers/CMSIS/Include/core_cm4.h:1684:22:__NVIC_EnableIRQ	16	static,ignoring_inline_asm
../Core/Src/main.c:276:6:gpio_init	4	static
../Core/Src/main.c:284:6:tim2_init	4	static
../Core/Src/main.c:296:6:delay_1sec	16	static
../Core/Src/main.c:302:6:delay	16	static
../Core/Src/main.c:317:6:cross_button	8	static,ignoring_inline_asm
../Core/Src/main.c:331:6:SysTick_1s	4	static
../Core/Src/main.c:349:6:sysTick_delay	16	static
../Core/Src/main.c:359:6:red	4	static
../Core/Src/main.c:366:6:yellow	4	static
../Core/Src/main.c:373:6:green	4	static
../Core/Src/main.c:381:5:main	8	static
../Core/Src/main.c:410:6:EXTI15_10_IRQHandler	8	static
