../Core/Src/main.c:18:6:lcd_send_cmd	32	static
../Core/Src/main.c:31:6:lcd_send_data	32	static
../Core/Src/main.c:44:6:lcd_clear	16	static
../Core/Src/main.c:53:6:lcd_put_cur	16	static
../Core/Src/main.c:69:6:lcd_init	8	static
../Core/Src/main.c:95:6:lcd_send_string	16	static
../Core/Src/main.c:103:6:set_date_time	32	static
../Core/Src/main.c:130:6:set_alarm	48	static
../Core/Src/main.c:153:6:get_date_time	48	static
../Core/Src/main.c:170:6:HAL_RTC_AlarmAEventCallback	16	static
../Core/Src/main.c:179:5:main	8	static
../Core/Src/main.c:217:6:SystemClock_Config	88	static
../Core/Src/main.c:267:13:MX_I2C1_Init	8	static
../Core/Src/main.c:301:13:MX_RTC_Init	8	static
../Core/Src/main.c:383:13:MX_USART2_UART_Init	8	static
../Core/Src/main.c:416:13:MX_GPIO_Init	48	static
../Core/Src/main.c:456:6:Error_Handler	4	static,ignoring_inline_asm
