../Core/Src/main.c:14:6:lcd_send_cmd	32	static
../Core/Src/main.c:27:6:lcd_send_data	32	static
../Core/Src/main.c:40:6:lcd_clear	16	static
../Core/Src/main.c:49:6:lcd_put_cur	16	static
../Core/Src/main.c:65:6:lcd_init	8	static
../Core/Src/main.c:91:6:lcd_send_string	16	static
../Core/Src/main.c:99:5:main	8	static
../Core/Src/main.c:129:6:SystemClock_Config	88	static
../Core/Src/main.c:177:13:MX_I2C1_Init	8	static
../Core/Src/main.c:211:13:MX_USART2_UART_Init	8	static
../Core/Src/main.c:244:13:MX_GPIO_Init	48	static
../Core/Src/main.c:284:6:Error_Handler	4	static,ignoring_inline_asm
