../Drivers/CMSIS/Include/core_cm4.h:1684:22:__NVIC_EnableIRQ	2
../Core/Src/main.c:9:6:gpio_init	1
../Core/Src/main.c:17:6:tim2_init	1
../Core/Src/main.c:29:6:usart3_init	1
../Core/Src/main.c:47:6:delay_1sec	2
../Core/Src/main.c:54:6:delay	3
../Core/Src/main.c:69:6:cross_button	1
../Core/Src/main.c:83:6:SysTick_1s	2
../Core/Src/main.c:100:6:sysTick_delay	2
../Core/Src/main.c:110:6:red	1
../Core/Src/main.c:117:6:yellow	1
../Core/Src/main.c:124:6:green	1
../Core/Src/main.c:132:5:main	1
../Core/Src/main.c:160:6:EXTI15_10_IRQHandler	5
