14:51:55 **** Incremental Build of configuration Debug for project ADC - Q10 ****
make -j16 all 
arm-none-eabi-gcc "../Core/Src/main.c" -mcpu=cortex-m4 -std=gnu11 -g3 -DDEBUG -DUSE_HAL_DRIVER -DSTM32F446xx -c -I../Core/Inc -I../Drivers/STM32F4xx_HAL_Driver/Inc -I../Drivers/STM32F4xx_HAL_Driver/Inc/Legacy -I../Drivers/CMSIS/Device/ST/STM32F4xx/Include -I../Drivers/CMSIS/Include -O0 -ffunction-sections -fdata-sections -Wall -fstack-usage -fcyclomatic-complexity -MMD -MP -MF"Core/Src/main.d" -MT"Core/Src/main.o" --specs=nano.specs -mfpu=fpv4-sp-d16 -mfloat-abi=hard -mthumb -o "Core/Src/main.o"
../Core/Src/main.c: In function 'MX_ADC1_Init':
../Core/Src/main.c:127:26: warning: unused variable 'sConfig' [-Wunused-variable]
  127 |   ADC_ChannelConfTypeDef sConfig = {0};
      |                          ^~~~~~~
arm-none-eabi-gcc -o "ADC - Q10.elf" @"objects.list"   -mcpu=cortex-m4 -T"C:\Users\Dev Kishan Prajapat\STM32CubeIDE\workspace_1.16.1\HAL\ADC - Q10\STM32F446RETX_FLASH.ld" --specs=nosys.specs -Wl,-Map="ADC - Q10.map" -Wl,--gc-sections -static --specs=nano.specs -mfpu=fpv4-sp-d16 -mfloat-abi=hard -mthumb -Wl,--start-group -lc -lm -Wl,--end-group
Finished building target: ADC - Q10.elf
 
arm-none-eabi-size  ADC\ -\ Q10.elf 
arm-none-eabi-objdump -h -S ADC\ -\ Q10.elf  > "ADC - Q10.list"
   text	   data	    bss	    dec	    hex	filename
  11056	     12	   1788	  12856	   3238	ADC - Q10.elf
Finished building: default.size.stdout
 
Finished building: ADC - Q10.list
 

14:51:56 Build Finished. 0 errors, 1 warnings. (took 1s.16ms)

