08:25:17 **** Incremental Build of configuration Debug for project Project - Ultrasonic_Sensor ****
make -j16 all 
arm-none-eabi-gcc "../Core/Src/main.c" -mcpu=cortex-m4 -std=gnu11 -g3 -DDEBUG -DUSE_HAL_DRIVER -DSTM32F446xx -c -I../Core/Inc -I../Drivers/STM32F4xx_HAL_Driver/Inc -I../Drivers/STM32F4xx_HAL_Driver/Inc/Legacy -I../Drivers/CMSIS/Device/ST/STM32F4xx/Include -I../Drivers/CMSIS/Include -O0 -ffunction-sections -fdata-sections -Wall -fstack-usage -fcyclomatic-complexity -MMD -MP -MF"Core/Src/main.d" -MT"Core/Src/main.o" --specs=nano.specs -mfpu=fpv4-sp-d16 -mfloat-abi=hard -mthumb -o "Core/Src/main.o"
arm-none-eabi-gcc -o "Project - Ultrasonic_Sensor.elf" @"objects.list"   -mcpu=cortex-m4 -T"C:\Users\Dev Kishan Prajapat\STM32CubeIDE\workspace_1.16.1\HAL\Project - Ultrasonic_Sensor\STM32F446RETX_FLASH.ld" --specs=nosys.specs -Wl,-Map="Project - Ultrasonic_Sensor.map" -Wl,--gc-sections -static --specs=nano.specs -mfpu=fpv4-sp-d16 -mfloat-abi=hard -mthumb -Wl,--start-group -lc -lm -Wl,--end-group
Finished building target: Project - Ultrasonic_Sensor.elf
 
arm-none-eabi-size  Project\ -\ Ultrasonic_Sensor.elf 
arm-none-eabi-objdump -h -S Project\ -\ Ultrasonic_Sensor.elf  > "Project - Ultrasonic_Sensor.list"
   text	   data	    bss	    dec	    hex	filename
  14468	     12	   1732	  16212	   3f54	Project - Ultrasonic_Sensor.elf
Finished building: default.size.stdout
 
Finished building: Project - Ultrasonic_Sensor.list
 
08:25:21 **** Incremental Build of configuration Debug for project Project - Ultrasonic_Sensor ****
make -j16 all 
arm-none-eabi-size  Project\ -\ Ultrasonic_Sensor.elf 
   text	   data	    bss	    dec	    hex	filename
  14468	     12	   1732	  16212	   3f54	Project - Ultrasonic_Sensor.elf
Finished building: default.size.stdout
 
