09:02:12 **** Incremental Build of configuration Debug for project 05.1_USART_Tx_Interrupt ****
make -j16 all 
arm-none-eabi-gcc "../Core/Src/main.c" -mcpu=cortex-m4 -std=gnu11 -g3 -DDEBUG -DUSE_HAL_DRIVER -DSTM32F446xx -c -I../Core/Inc -I../Drivers/STM32F4xx_HAL_Driver/Inc -I../Drivers/STM32F4xx_HAL_Driver/Inc/Legacy -I../Drivers/CMSIS/Device/ST/STM32F4xx/Include -I../Drivers/CMSIS/Include -O0 -ffunction-sections -fdata-sections -Wall -fstack-usage -fcyclomatic-complexity -MMD -MP -MF"Core/Src/main.d" -MT"Core/Src/main.o" --specs=nano.specs -mfpu=fpv4-sp-d16 -mfloat-abi=hard -mthumb -o "Core/Src/main.o"
arm-none-eabi-gcc -o "05.1_USART_Tx_Interrupt.elf" @"objects.list"   -mcpu=cortex-m4 -T"C:\Users\Dev Kishan Prajapat\STM32CubeIDE\workspace_1.16.1\Register\05_USART_Interrrupt\STM32F446RETX_FLASH.ld" --specs=nosys.specs -Wl,-Map="05.1_USART_Tx_Interrupt.map" -Wl,--gc-sections -static --specs=nano.specs -mfpu=fpv4-sp-d16 -mfloat-abi=hard -mthumb -Wl,--start-group -lc -lm -Wl,--end-group
Finished building target: 05.1_USART_Tx_Interrupt.elf
 
arm-none-eabi-size  05.1_USART_Tx_Interrupt.elf 
arm-none-eabi-objdump -h -S 05.1_USART_Tx_Interrupt.elf  > "05.1_USART_Tx_Interrupt.list"
   text	   data	    bss	    dec	    hex	filename
   1324	      4	   1572	   2900	    b54	05.1_USART_Tx_Interrupt.elf
Finished building: default.size.stdout
 
Finished building: 05.1_USART_Tx_Interrupt.list
 

09:02:13 Build Finished. 0 errors, 0 warnings. (took 1s.317ms)

