08:38:18 **** Incremental Build of configuration Debug for project 08.1_ADC - One_Shot_Mode ****
make -j16 all 
arm-none-eabi-gcc "../Core/Src/main.c" -mcpu=cortex-m4 -std=gnu11 -g3 -DDEBUG -DUSE_HAL_DRIVER -DSTM32F446xx -c -I../Core/Inc -I../Drivers/STM32F4xx_HAL_Driver/Inc -I../Drivers/STM32F4xx_HAL_Driver/Inc/Legacy -I../Drivers/CMSIS/Device/ST/STM32F4xx/Include -I../Drivers/CMSIS/Include -O0 -ffunction-sections -fdata-sections -Wall -fstack-usage -fcyclomatic-complexity -MMD -MP -MF"Core/Src/main.d" -MT"Core/Src/main.o" --specs=nano.specs -mfpu=fpv4-sp-d16 -mfloat-abi=hard -mthumb -o "Core/Src/main.o"
arm-none-eabi-gcc -o "08.1_ADC - One_Shot_Mode.elf" @"objects.list"   -mcpu=cortex-m4 -T"C:\Users\Dev Kishan Prajapat\STM32CubeIDE\workspace_1.16.1\Register\08.1_ADC - One_Shot_Mode\STM32F446RETX_FLASH.ld" --specs=nosys.specs -Wl,-Map="08.1_ADC - One_Shot_Mode.map" -Wl,--gc-sections -static --specs=nano.specs -mfpu=fpv4-sp-d16 -mfloat-abi=hard -mthumb -Wl,--start-group -lc -lm -Wl,--end-group
Finished building target: 08.1_ADC - One_Shot_Mode.elf
 
arm-none-eabi-size  08.1_ADC\ -\ One_Shot_Mode.elf 
arm-none-eabi-objdump -h -S 08.1_ADC\ -\ One_Shot_Mode.elf  > "08.1_ADC - One_Shot_Mode.list"
   text	   data	    bss	    dec	    hex	filename
   1016	      4	   1572	   2592	    a20	08.1_ADC - One_Shot_Mode.elf
Finished building: default.size.stdout
 
Finished building: 08.1_ADC - One_Shot_Mode.list
 

08:38:22 Build Finished. 0 errors, 0 warnings. (took 3s.962ms)

