17:26:59 **** Incremental Build of configuration Debug for project 08.2_USART_Rx ****
make -j16 all 
arm-none-eabi-gcc "../Core/Src/main.c" -mcpu=cortex-m4 -std=gnu11 -g3 -DDEBUG -DUSE_HAL_DRIVER -DSTM32F446xx -c -I../Core/Inc -I../Drivers/STM32F4xx_HAL_Driver/Inc -I../Drivers/STM32F4xx_HAL_Driver/Inc/Legacy -I../Drivers/CMSIS/Device/ST/STM32F4xx/Include -I../Drivers/CMSIS/Include -O0 -ffunction-sections -fdata-sections -Wall -fstack-usage -fcyclomatic-complexity -MMD -MP -MF"Core/Src/main.d" -MT"Core/Src/main.o" --specs=nano.specs -mfpu=fpv4-sp-d16 -mfloat-abi=hard -mthumb -o "Core/Src/main.o"
arm-none-eabi-gcc -o "08.2_USART_Rx.elf" @"objects.list"   -mcpu=cortex-m4 -T"C:\Users\Dev Kishan Prajapat\STM32CubeIDE\workspace_1.16.1\Register\08.2_USART_Rx\STM32F446RETX_FLASH.ld" --specs=nosys.specs -Wl,-Map="08.2_USART_Rx.map" -Wl,--gc-sections -static --specs=nano.specs -mfpu=fpv4-sp-d16 -mfloat-abi=hard -mthumb -Wl,--start-group -lc -lm -Wl,--end-group
Finished building target: 08.2_USART_Rx.elf
 
arm-none-eabi-size  08.2_USART_Rx.elf 
arm-none-eabi-objdump -h -S 08.2_USART_Rx.elf  > "08.2_USART_Rx.list"
   text	   data	    bss	    dec	    hex	filename
   5332	     96	   1904	   7332	   1ca4	08.2_USART_Rx.elf
Finished building: default.size.stdout
 
Finished building: 08.2_USART_Rx.list
 

17:27:00 Build Finished. 0 errors, 0 warnings. (took 1s.375ms)

