14:44:21 **** Incremental Build of configuration Debug for project ADC - Q8 ****
make -j16 all 
arm-none-eabi-gcc "../Core/Src/main.c" -mcpu=cortex-m4 -std=gnu11 -g3 -DDEBUG -DUSE_HAL_DRIVER -DSTM32F446xx -c -I../Core/Inc -I../Drivers/STM32F4xx_HAL_Driver/Inc -I../Drivers/STM32F4xx_HAL_Driver/Inc/Legacy -I../Drivers/CMSIS/Device/ST/STM32F4xx/Include -I../Drivers/CMSIS/Include -O0 -ffunction-sections -fdata-sections -Wall -fstack-usage -fcyclomatic-complexity -MMD -MP -MF"Core/Src/main.d" -MT"Core/Src/main.o" --specs=nano.specs -mfpu=fpv4-sp-d16 -mfloat-abi=hard -mthumb -o "Core/Src/main.o"
arm-none-eabi-gcc -o "ADC - Q8.elf" @"objects.list"   -mcpu=cortex-m4 -T"C:\Users\Dev Kishan Prajapat\STM32CubeIDE\workspace_1.16.1\Register\ADC - Q8\STM32F446RETX_FLASH.ld" --specs=nosys.specs -Wl,-Map="ADC - Q8.map" -Wl,--gc-sections -static --specs=nano.specs -mfpu=fpv4-sp-d16 -mfloat-abi=hard -mthumb -Wl,--start-group -lc -lm -Wl,--end-group
Finished building target: ADC - Q8.elf
 
arm-none-eabi-size  ADC\ -\ Q8.elf 
arm-none-eabi-objdump -h -S ADC\ -\ Q8.elf  > "ADC - Q8.list"
   text	   data	    bss	    dec	    hex	filename
   1432	      4	   1580	   3016	    bc8	ADC - Q8.elf
Finished building: default.size.stdout
 
Finished building: ADC - Q8.list
 

14:44:21 Build Finished. 0 errors, 0 warnings. (took 652ms)

