09:01:48 **** Incremental Build of configuration Debug for project GPIO - Q6_Q7 ****
make -j16 all 
arm-none-eabi-gcc "../Core/Src/main.c" -mcpu=cortex-m4 -std=gnu11 -g3 -DDEBUG -DUSE_HAL_DRIVER -DSTM32F446xx -c -I../Core/Inc -I../Drivers/STM32F4xx_HAL_Driver/Inc -I../Drivers/STM32F4xx_HAL_Driver/Inc/Legacy -I../Drivers/CMSIS/Device/ST/STM32F4xx/Include -I../Drivers/CMSIS/Include -O0 -ffunction-sections -fdata-sections -Wall -fstack-usage -fcyclomatic-complexity -MMD -MP -MF"Core/Src/main.d" -MT"Core/Src/main.o" --specs=nano.specs -mfpu=fpv4-sp-d16 -mfloat-abi=hard -mthumb -o "Core/Src/main.o"
arm-none-eabi-gcc -o "GPIO - Q6_Q7.elf" @"objects.list"   -mcpu=cortex-m4 -T"C:\Users\Dev Kishan Prajapat\STM32CubeIDE\workspace_1.16.1\Register\GPIO - Q7\STM32F446RETX_FLASH.ld" --specs=nosys.specs -Wl,-Map="GPIO - Q6_Q7.map" -Wl,--gc-sections -static --specs=nano.specs -mfpu=fpv4-sp-d16 -mfloat-abi=hard -mthumb -Wl,--start-group -lc -lm -Wl,--end-group
Finished building target: GPIO - Q6_Q7.elf
 
arm-none-eabi-size  GPIO\ -\ Q6_Q7.elf 
arm-none-eabi-objdump -h -S GPIO\ -\ Q6_Q7.elf  > "GPIO - Q6_Q7.list"
   text	   data	    bss	    dec	    hex	filename
   5432	     96	   1904	   7432	   1d08	GPIO - Q6_Q7.elf
Finished building: default.size.stdout
 
Finished building: GPIO - Q6_Q7.list
 

09:01:50 Build Finished. 0 errors, 0 warnings. (took 1s.412ms)

