06:29:28 **** Build of configuration Debug for project GPIO - 03_KeyPad_Matrix ****
make -j16 all 
arm-none-eabi-gcc "../Core/Src/main.c" -mcpu=cortex-m4 -std=gnu11 -g3 -DDEBUG -DUSE_HAL_DRIVER -DSTM32F446xx -c -I../Core/Inc -I../Drivers/STM32F4xx_HAL_Driver/Inc -I../Drivers/STM32F4xx_HAL_Driver/Inc/Legacy -I../Drivers/CMSIS/Device/ST/STM32F4xx/Include -I../Drivers/CMSIS/Include -O0 -ffunction-sections -fdata-sections -Wall -fstack-usage -fcyclomatic-complexity -MMD -MP -MF"Core/Src/main.d" -MT"Core/Src/main.o" --specs=nano.specs -mfpu=fpv4-sp-d16 -mfloat-abi=hard -mthumb -o "Core/Src/main.o"
arm-none-eabi-gcc -o "GPIO - 03_KeyPad_Matrix.elf" @"objects.list"   -mcpu=cortex-m4 -T"C:\Users\Dev Kishan Prajapat\STM32CubeIDE\workspace_1.16.1\Register\GPIO - 03_KeyPad_Matrix\STM32F446RETX_FLASH.ld" --specs=nosys.specs -Wl,-Map="GPIO - 03_KeyPad_Matrix.map" -Wl,--gc-sections -static --specs=nano.specs -mfpu=fpv4-sp-d16 -mfloat-abi=hard -mthumb -Wl,--start-group -lc -lm -Wl,--end-group
Finished building target: GPIO - 03_KeyPad_Matrix.elf
 
arm-none-eabi-size  GPIO\ -\ 03_KeyPad_Matrix.elf 
arm-none-eabi-objdump -h -S GPIO\ -\ 03_KeyPad_Matrix.elf  > "GPIO - 03_KeyPad_Matrix.list"
   text	   data	    bss	    dec	    hex	filename
   8792	     12	   1644	  10448	   28d0	GPIO - 03_KeyPad_Matrix.elf
Finished building: default.size.stdout
 
Finished building: GPIO - 03_KeyPad_Matrix.list
 

06:29:29 Build Finished. 0 errors, 0 warnings. (took 850ms)

