16:33:02 **** Incremental Build of configuration Debug for project PWM - Q3 ****
make -j16 all 
arm-none-eabi-gcc "../Core/Src/main.c" -mcpu=cortex-m4 -std=gnu11 -g3 -DDEBUG -DUSE_HAL_DRIVER -DSTM32F446xx -c -I../Core/Inc -I../Drivers/STM32F4xx_HAL_Driver/Inc -I../Drivers/STM32F4xx_HAL_Driver/Inc/Legacy -I../Drivers/CMSIS/Device/ST/STM32F4xx/Include -I../Drivers/CMSIS/Include -O0 -ffunction-sections -fdata-sections -Wall -fstack-usage -fcyclomatic-complexity -MMD -MP -MF"Core/Src/main.d" -MT"Core/Src/main.o" --specs=nano.specs -mfpu=fpv4-sp-d16 -mfloat-abi=hard -mthumb -o "Core/Src/main.o"
arm-none-eabi-gcc -o "PWM - Q3.elf" @"objects.list"   -mcpu=cortex-m4 -T"C:\Users\Dev Kishan Prajapat\STM32CubeIDE\workspace_1.16.1\Register\PWM - Q3\STM32F446RETX_FLASH.ld" --specs=nosys.specs -Wl,-Map="PWM - Q3.map" -Wl,--gc-sections -static --specs=nano.specs -mfpu=fpv4-sp-d16 -mfloat-abi=hard -mthumb -Wl,--start-group -lc -lm -Wl,--end-group
Finished building target: PWM - Q3.elf
 
arm-none-eabi-size  PWM\ -\ Q3.elf 
arm-none-eabi-objdump -h -S PWM\ -\ Q3.elf  > "PWM - Q3.list"
   text	   data	    bss	    dec	    hex	filename
   1100	      4	   1572	   2676	    a74	PWM - Q3.elf
Finished building: default.size.stdout
 
Finished building: PWM - Q3.list
 

16:33:03 Build Finished. 0 errors, 0 warnings. (took 653ms)

