19:44:05 **** Build of configuration Debug for project RFID_RC523_LED_NAME ****
make -j16 all 
arm-none-eabi-gcc "../Core/Src/main.c" -mcpu=cortex-m4 -std=gnu11 -g3 -DDEBUG -DUSE_HAL_DRIVER -DSTM32F411xE -c -I../Core/Inc -I../Drivers/STM32F4xx_HAL_Driver/Inc -I../Drivers/STM32F4xx_HAL_Driver/Inc/Legacy -I../Drivers/CMSIS/Device/ST/STM32F4xx/Include -I../Drivers/CMSIS/Include -O0 -ffunction-sections -fdata-sections -Wall -fstack-usage -fcyclomatic-complexity -MMD -MP -MF"Core/Src/main.d" -MT"Core/Src/main.o" --specs=nano.specs -mfpu=fpv4-sp-d16 -mfloat-abi=hard -mthumb -o "Core/Src/main.o"
arm-none-eabi-gcc -o "RFID_RC523_LED_NAME.elf" @"objects.list"   -mcpu=cortex-m4 -T"C:\Users\Dev Kishan Prajapat\STM32CubeIDE\workspace_1.16.1\Register\RFID_RC523_LED_NAME\STM32F411RETX_FLASH.ld" --specs=nosys.specs -Wl,-Map="RFID_RC523_LED_NAME.map" -Wl,--gc-sections -static --specs=nano.specs -mfpu=fpv4-sp-d16 -mfloat-abi=hard -mthumb -Wl,--start-group -lc -lm -Wl,--end-group
C:/ST/STM32CubeIDE_1.16.1/STM32CubeIDE/plugins/com.st.stm32cube.ide.mcu.externaltools.gnu-tools-for-stm32.12.3.rel1.win32_1.0.200.202406191623/tools/bin/../lib/gcc/arm-none-eabi/12.3.1/../../../../arm-none-eabi/bin/ld.exe: warning: RFID_RC523_LED_NAME.elf has a LOAD segment with RWX permissions
Finished building target: RFID_RC523_LED_NAME.elf
 
arm-none-eabi-size  RFID_RC523_LED_NAME.elf 
arm-none-eabi-objdump -h -S RFID_RC523_LED_NAME.elf  > "RFID_RC523_LED_NAME.list"
   text	   data	    bss	    dec	    hex	filename
   9832	    100	   1932	  11864	   2e58	RFID_RC523_LED_NAME.elf
Finished building: default.size.stdout
 
Finished building: RFID_RC523_LED_NAME.list
 

19:44:08 Build Finished. 0 errors, 1 warnings. (took 3s.544ms)

