12:31:55 **** Incremental Build of configuration Release for project Timer_OutPut_Capture - Q1 ****
make -j16 all 
arm-none-eabi-gcc "../Core/Src/main.c" -mcpu=cortex-m4 -std=gnu11 -DUSE_HAL_DRIVER -DSTM32F446xx -c -I../Core/Inc -I../Drivers/STM32F4xx_HAL_Driver/Inc -I../Drivers/STM32F4xx_HAL_Driver/Inc/Legacy -I../Drivers/CMSIS/Device/ST/STM32F4xx/Include -I../Drivers/CMSIS/Include -Os -ffunction-sections -fdata-sections -Wall -fstack-usage -fcyclomatic-complexity -MMD -MP -MF"Core/Src/main.d" -MT"Core/Src/main.o" --specs=nano.specs -mfpu=fpv4-sp-d16 -mfloat-abi=hard -mthumb -o "Core/Src/main.o"
arm-none-eabi-gcc -o "Timer_OutPut_Capture - Q1.elf" @"objects.list"   -mcpu=cortex-m4 -T"C:\Users\Dev Kishan Prajapat\STM32CubeIDE\workspace_1.16.1\Register\Timer_OutPut_Capture - Q1\STM32F446RETX_FLASH.ld" --specs=nosys.specs -Wl,-Map="Timer_OutPut_Capture - Q1.map" -Wl,--gc-sections -static --specs=nano.specs -mfpu=fpv4-sp-d16 -mfloat-abi=hard -mthumb -Wl,--start-group -lc -lm -Wl,--end-group
Finished building target: Timer_OutPut_Capture - Q1.elf
 
arm-none-eabi-size  Timer_OutPut_Capture\ -\ Q1.elf 
arm-none-eabi-objdump -h -S Timer_OutPut_Capture\ -\ Q1.elf  > "Timer_OutPut_Capture - Q1.list"
   text	   data	    bss	    dec	    hex	filename
    868	      4	   1572	   2444	    98c	Timer_OutPut_Capture - Q1.elf
Finished building: default.size.stdout
 
Finished building: Timer_OutPut_Capture - Q1.list
 

12:31:55 Build Finished. 0 errors, 0 warnings. (took 503ms)

